Solvable in 0 move(s).
Solvable in 1 move(s).
Solvable in 2 move(s).
Solvable in 3 move(s).
Solvable in 4 move(s).
Solvable in 5 move(s).
Solvable in 6 move(s).
Solvable in 7 move(s).
Solvable in 8 move(s).
Solvable in 9 move(s).
Solvable in 10 move(s).
Unsolvable in less than 11 move(s).
