TCTGCC 2
AACCTCAC 2
ATGA 2
CCGGCCGTT 2
TTAAAG 2
AA 2
GCTACGCT 2
CCTTCGG 2
GCATCGA 2
AATTGCTCACC 2
AATGCC 2
GGGTGCGC 2
AAAAGTCT 2
AGGGCCCCCC 2
ACTTGTC 2
ACGAGCTA 2
AACAAACA 2
AGGGGAT 2
AGGAG 2
TCCTCAGC 2
CAACCCAC 2
GATAAACGA 2
ACGTGTCGG 2
CGAAGCA 2
AACCGACC 2
GCTTAGC 2
CTAGG 2
CTACGTTTT 2
CTAAC 2
GCAGCG 2
AGTC 2
CTGCTC 2
CGCAATA 2
AAGCGTAC 2
AAACCGT 2
ACAGCAGT 2
CGCAACCT 2
AATGTTA 2
A 2
AGGAAGGG 2
AGTGGCGG 2
ATTGTTAT 2
AAAGCAC 2
AGCT 2
AGTTCAGAT 2
TATGGT 2
TGGAGAA 2
ACAGCCAC 2
CACACCAAG 2
TTCAAACA 2
AATCCGT 2
ACACCGGT 2
TGTGCGTG 2
CCCCGATGA 2
CCGCATCGT 2
TTTCTTAA 2
ATTGGCGGC 2
CCCTCCT 2
GGCATTGGA 2
TCCAAGT 2
AAAGACCG 2
ACGCC 2
ATGTCCAA 2
TCGCA 2
TTGTTAGCTGT 2
AGGGATGT 2
GGAGATTC 2
TTTGGCACGT 2
AGCGGGAT 2
CAGAGATC 2
AACAGGGT 2
TAGGATAGG 2
CCCACCT 2
CCGTTGG 2
CTGG 2
TCTAGTTCT 2
ATGGGTCC 2
ACTAACT 2
CACCCCCA 2
TCGGGGTATA 2
GCGAGCCT 2
ATCTTTTGC 2
GTTCATGC 2
GGAAGGGAA 2
CCGGCGA 2
CACGGA 2
TGATG 2
GCCCTCGG 2
TGACGCA 2
ACATGAAG 2
TTGAGTT 2
ACCCCTC 2
CTTGC 2
TTGCAGTG 2
CGTA 2
CGGTCGTT 2
CCGCCCGA 2
TAAGGAG 2
ACCCGGGCCTA 2
GGTGG 2
