Between 4233 and 4886, 4320 has a maximum of 48 divisors.
Between 6666 and 7511, 6720 has a maximum of 56 divisors.
Between 9333 and 10072, 9360 has a maximum of 60 divisors.
Between 4906 and 5277, 5040 has a maximum of 60 divisors.
Between 8953 and 9073, 9072 has a maximum of 50 divisors.
Between 7336 and 8004, 7560 has a maximum of 64 divisors.
Between 8760 and 9215, 8820 has a maximum of 54 divisors.
Between 724 and 752, 728 has a maximum of 16 divisors.
Between 5413 and 6238, 5460 has a maximum of 48 divisors.
Between 5068 and 5214, 5100 has a maximum of 36 divisors.
Between 6757 and 7193, 6840 has a maximum of 48 divisors.
Between 3494 and 3768, 3600 has a maximum of 45 divisors.
Between 3696 and 3823, 3780 has a maximum of 48 divisors.
Between 3312 and 3588, 3360 has a maximum of 48 divisors.
Between 8055 and 8241, 8064 has a maximum of 48 divisors.
Between 9085 and 9723, 9240 has a maximum of 64 divisors.
Between 2840 and 3589, 3360 has a maximum of 48 divisors.
Between 9484 and 10008, 9900 has a maximum of 54 divisors.
Between 7841 and 8229, 7920 has a maximum of 60 divisors.
Between 9896 and 10688, 10080 has a maximum of 72 divisors.
Between 98203837 and 98206000, 98205120 has a maximum of 336 divisors.
