MATCHES FOR THE PATTERN: C*AT
COMFILE.DAT
CAT
COAT

MATCHES FOR THE PATTERN: *A*
MOUNTAIN.TXT
ALFRED
PROG1A
PROG1A.PAS

MATCHES FOR THE PATTERN: B**N*
BANANA
BNXJ.25
BORN
BRANDISH.SRD
BITNET

MATCHES FOR THE PATTERN: *
COMFILE.DAT
COST.DATA
CAT

MATCHES FOR THE PATTERN: *AL*
ALFRED

MATCHES FOR THE PATTERN: *A*PA
SEAPAMPA

MATCHES FOR THE PATTERN: *A*PAM
AQPAPAM

MATCHES FOR THE PATTERN: *AD*M*AD*M
ADPAPAMADFM

MATCHES FOR THE PATTERN: HELLO
HELLO

MATCHES FOR THE PATTERN: abc
abc
abc

MATCHES FOR THE PATTERN: abc*
abcc
abcabc
abc
abc

MATCHES FOR THE PATTERN: abc*abc
abcabc
abchabc

MATCHES FOR THE PATTERN: *A*
ABC
A
AAA

MATCHES FOR THE PATTERN: *A
A
AAA

MATCHES FOR THE PATTERN: A*
A
AA

MATCHES FOR THE PATTERN: **aa*************
aa
aab
aabcc
aa

MATCHES FOR THE PATTERN: **
a
abc
addda d
  
    d
dd 
a

MATCHES FOR THE PATTERN: *,*
,   
add, dd
,
  , 
,ad,
,,,,
,d,d,

MATCHES FOR THE PATTERN: *a*
**a**
*a*
a

MATCHES FOR THE PATTERN: ab*ab*ab*ab
abababab
abdabdabdab
ababdabab
